In file included from /usr/include/c++/13/bits/specfun.h:43,
                 from /usr/include/c++/13/cmath:3699,
                 from src/constructors/../vrpinstance.hpp:2,
                 from src/constructors/../route_utils.hpp:2,
                 from src/constructors/farthest_nearest.hpp:2,
                 from src/solver_runner.hpp:2,
                 from src/main.cpp:1:
In static member function ‘static _Up* std::__copy_move<_IsMove, true, std::random_access_iterator_tag>::__copy_m(_Tp*, _Tp*, _Up*) [with _Tp = const int; _Up = int; bool _IsMove = false]’,
    inlined from ‘_OI std::__copy_move_a2(_II, _II, _OI) [with bool _IsMove = false; _II = const int*; _OI = int*]’ at /usr/include/c++/13/bits/stl_algobase.h:506:30,
    inlined from ‘_OI std::__copy_move_a1(_II, _II, _OI) [with bool _IsMove = false; _II = const int*; _OI = int*]’ at /usr/include/c++/13/bits/stl_algobase.h:533:42,
    inlined from ‘_OI std::__copy_move_a(_II, _II, _OI) [with bool _IsMove = false; _II = __gnu_cxx::__normal_iterator<const int*, vector<int> >; _OI = int*]’ at /usr/include/c++/13/bits/stl_algobase.h:540:31,
    inlined from ‘_OI std::copy(_II, _II, _OI) [with _II = __gnu_cxx::__normal_iterator<const int*, vector<int> >; _OI = int*]’ at /usr/include/c++/13/bits/stl_algobase.h:633:7,
    inlined from ‘static _ForwardIterator std::__uninitialized_copy<true>::__uninit_copy(_InputIterator, _InputIterator, _ForwardIterator) [with _InputIterator = __gnu_cxx::__normal_iterator<const int*, std::vector<int> >; _ForwardIterator = int*]’ at /usr/include/c++/13/bits/stl_uninitialized.h:147:27,
    inlined from ‘_ForwardIterator std::uninitialized_copy(_InputIterator, _InputIterator, _ForwardIterator) [with _InputIterator = __gnu_cxx::__normal_iterator<const int*, vector<int> >; _ForwardIterator = int*]’ at /usr/include/c++/13/bits/stl_uninitialized.h:185:15,
    inlined from ‘_ForwardIterator std::__uninitialized_copy_a(_InputIterator, _InputIterator, _ForwardIterator, allocator<_Tp>&) [with _InputIterator = __gnu_cxx::__normal_iterator<const int*, vector<int> >; _ForwardIterator = int*; _Tp = int]’ at /usr/include/c++/13/bits/stl_uninitialized.h:373:37,
    inlined from ‘std::vector<_Tp, _Alloc>::vector(const std::vector<_Tp, _Alloc>&) [with _Tp = int; _Alloc = std::allocator<int>]’ at /usr/include/c++/13/bits/stl_vector.h:606:31,
    inlined from ‘std::vector<int> twoOptRoute(const VRPInstance&, const std::vector<int>&)’ at src/constructors/../route_utils.hpp:251:34:
/usr/include/c++/13/bits/stl_algobase.h:437:30: warning: ‘void* __builtin_memmove(void*, const void*, long unsigned int)’ writing between 5 and 9223372036854775807 bytes into a region of size 4 overflows the destination [-Wstringop-overflow=]
  437 |             __builtin_memmove(__result, __first, sizeof(_Tp) * _Num);
      |             ~~~~~~~~~~~~~~~~~^~~~~~~~~~~~~~~~~~~~~~~~~~~~~~~~~~~~~~~
In file included from /usr/include/x86_64-linux-gnu/c++/13/bits/c++allocator.h:33,
                 from /usr/include/c++/13/bits/allocator.h:46,
                 from /usr/include/c++/13/string:43,
                 from /usr/include/c++/13/bits/locale_classes.h:40,
                 from /usr/include/c++/13/bits/ios_base.h:41,
                 from /usr/include/c++/13/ios:44,
                 from /usr/include/c++/13/istream:40,
                 from /usr/include/c++/13/fstream:40,
                 from src/constructors/../vrpinstance.hpp:3:
In member function ‘_Tp* std::__new_allocator<_Tp>::allocate(size_type, const void*) [with _Tp = int]’,
    inlined from ‘static _Tp* std::allocator_traits<std::allocator<_CharT> >::allocate(allocator_type&, size_type) [with _Tp = int]’ at /usr/include/c++/13/bits/alloc_traits.h:482:28,
    inlined from ‘std::_Vector_base<_Tp, _Alloc>::pointer std::_Vector_base<_Tp, _Alloc>::_M_allocate(std::size_t) [with _Tp = int; _Alloc = std::allocator<int>]’ at /usr/include/c++/13/bits/stl_vector.h:381:33,
    inlined from ‘std::_Vector_base<_Tp, _Alloc>::pointer std::_Vector_base<_Tp, _Alloc>::_M_allocate(std::size_t) [with _Tp = int; _Alloc = std::allocator<int>]’ at /usr/include/c++/13/bits/stl_vector.h:378:7,
    inlined from ‘void std::_Vector_base<_Tp, _Alloc>::_M_create_storage(std::size_t) [with _Tp = int; _Alloc = std::allocator<int>]’ at /usr/include/c++/13/bits/stl_vector.h:398:44,
    inlined from ‘std::_Vector_base<_Tp, _Alloc>::_Vector_base(std::size_t, const allocator_type&) [with _Tp = int; _Alloc = std::allocator<int>]’ at /usr/include/c++/13/bits/stl_vector.h:335:26,
    inlined from ‘std::vector<_Tp, _Alloc>::vector(const std::vector<_Tp, _Alloc>&) [with _Tp = int; _Alloc = std::allocator<int>]’ at /usr/include/c++/13/bits/stl_vector.h:603:61,
    inlined from ‘std::vector<int> twoOptRoute(const VRPInstance&, const std::vector<int>&)’ at src/constructors/../route_utils.hpp:251:34:
/usr/include/c++/13/bits/new_allocator.h:151:55: note: destination object of size 4 allocated by ‘operator new’
  151 |         return static_cast<_Tp*>(_GLIBCXX_OPERATOR_NEW(__n * sizeof(_Tp)));
      |                                                       ^
In file included from /usr/include/c++/13/bits/specfun.h:43,
                 from /usr/include/c++/13/cmath:3699,
                 from src/constructors/../vrpinstance.hpp:2,
                 from src/constructors/../route_utils.hpp:2,
                 from src/constructors/farthest_nearest.hpp:2,
                 from src/parallel_solver.hpp:2,
                 from src/parallel_main.cpp:1:
In static member function ‘static _Up* std::__copy_move<_IsMove, true, std::random_access_iterator_tag>::__copy_m(_Tp*, _Tp*, _Up*) [with _Tp = const int; _Up = int; bool _IsMove = false]’,
    inlined from ‘_OI std::__copy_move_a2(_II, _II, _OI) [with bool _IsMove = false; _II = const int*; _OI = int*]’ at /usr/include/c++/13/bits/stl_algobase.h:506:30,
    inlined from ‘_OI std::__copy_move_a1(_II, _II, _OI) [with bool _IsMove = false; _II = const int*; _OI = int*]’ at /usr/include/c++/13/bits/stl_algobase.h:533:42,
    inlined from ‘_OI std::__copy_move_a(_II, _II, _OI) [with bool _IsMove = false; _II = __gnu_cxx::__normal_iterator<const int*, vector<int> >; _OI = int*]’ at /usr/include/c++/13/bits/stl_algobase.h:540:31,
    inlined from ‘_OI std::copy(_II, _II, _OI) [with _II = __gnu_cxx::__normal_iterator<const int*, vector<int> >; _OI = int*]’ at /usr/include/c++/13/bits/stl_algobase.h:633:7,
    inlined from ‘static _ForwardIterator std::__uninitialized_copy<true>::__uninit_copy(_InputIterator, _InputIterator, _ForwardIterator) [with _InputIterator = __gnu_cxx::__normal_iterator<const int*, std::vector<int> >; _ForwardIterator = int*]’ at /usr/include/c++/13/bits/stl_uninitialized.h:147:27,
    inlined from ‘_ForwardIterator std::uninitialized_copy(_InputIterator, _InputIterator, _ForwardIterator) [with _InputIterator = __gnu_cxx::__normal_iterator<const int*, vector<int> >; _ForwardIterator = int*]’ at /usr/include/c++/13/bits/stl_uninitialized.h:185:15,
    inlined from ‘_ForwardIterator std::__uninitialized_copy_a(_InputIterator, _InputIterator, _ForwardIterator, allocator<_Tp>&) [with _InputIterator = __gnu_cxx::__normal_iterator<const int*, vector<int> >; _ForwardIterator = int*; _Tp = int]’ at /usr/include/c++/13/bits/stl_uninitialized.h:373:37,
    inlined from ‘std::vector<_Tp, _Alloc>::vector(const std::vector<_Tp, _Alloc>&) [with _Tp = int; _Alloc = std::allocator<int>]’ at /usr/include/c++/13/bits/stl_vector.h:606:31,
    inlined from ‘std::vector<int> twoOptRoute(const VRPInstance&, const std::vector<int>&)’ at src/constructors/../route_utils.hpp:251:34:
/usr/include/c++/13/bits/stl_algobase.h:437:30: warning: ‘void* __builtin_memmove(void*, const void*, long unsigned int)’ writing between 5 and 9223372036854775807 bytes into a region of size 4 overflows the destination [-Wstringop-overflow=]
  437 |             __builtin_memmove(__result, __first, sizeof(_Tp) * _Num);
      |             ~~~~~~~~~~~~~~~~~^~~~~~~~~~~~~~~~~~~~~~~~~~~~~~~~~~~~~~~
In file included from /usr/include/x86_64-linux-gnu/c++/13/bits/c++allocator.h:33,
                 from /usr/include/c++/13/bits/allocator.h:46,
                 from /usr/include/c++/13/string:43,
                 from /usr/include/c++/13/bits/locale_classes.h:40,
                 from /usr/include/c++/13/bits/ios_base.h:41,
                 from /usr/include/c++/13/ios:44,
                 from /usr/include/c++/13/istream:40,
                 from /usr/include/c++/13/fstream:40,
                 from src/constructors/../vrpinstance.hpp:3:
In member function ‘_Tp* std::__new_allocator<_Tp>::allocate(size_type, const void*) [with _Tp = int]’,
    inlined from ‘static _Tp* std::allocator_traits<std::allocator<_CharT> >::allocate(allocator_type&, size_type) [with _Tp = int]’ at /usr/include/c++/13/bits/alloc_traits.h:482:28,
    inlined from ‘std::_Vector_base<_Tp, _Alloc>::pointer std::_Vector_base<_Tp, _Alloc>::_M_allocate(std::size_t) [with _Tp = int; _Alloc = std::allocator<int>]’ at /usr/include/c++/13/bits/stl_vector.h:381:33,
    inlined from ‘std::_Vector_base<_Tp, _Alloc>::pointer std::_Vector_base<_Tp, _Alloc>::_M_allocate(std::size_t) [with _Tp = int; _Alloc = std::allocator<int>]’ at /usr/include/c++/13/bits/stl_vector.h:378:7,
    inlined from ‘void std::_Vector_base<_Tp, _Alloc>::_M_create_storage(std::size_t) [with _Tp = int; _Alloc = std::allocator<int>]’ at /usr/include/c++/13/bits/stl_vector.h:398:44,
    inlined from ‘std::_Vector_base<_Tp, _Alloc>::_Vector_base(std::size_t, const allocator_type&) [with _Tp = int; _Alloc = std::allocator<int>]’ at /usr/include/c++/13/bits/stl_vector.h:335:26,
    inlined from ‘std::vector<_Tp, _Alloc>::vector(const std::vector<_Tp, _Alloc>&) [with _Tp = int; _Alloc = std::allocator<int>]’ at /usr/include/c++/13/bits/stl_vector.h:603:61,
    inlined from ‘std::vector<int> twoOptRoute(const VRPInstance&, const std::vector<int>&)’ at src/constructors/../route_utils.hpp:251:34:
/usr/include/c++/13/bits/new_allocator.h:151:55: note: destination object of size 4 allocated by ‘operator new’
  151 |         return static_cast<_Tp*>(_GLIBCXX_OPERATOR_NEW(__n * sizeof(_Tp)));
      |                                                       ^
In file included from /usr/include/c++/13/bits/specfun.h:43,
                 from /usr/include/c++/13/cmath:3699,
                 from src/ga/../constructors/../vrpinstance.hpp:2,
                 from src/ga/../constructors/../route_utils.hpp:2,
                 from src/ga/../constructors/farthest_nearest.hpp:2,
                 from src/ga/hgs.hpp:2,
                 from src/ga_main.cpp:1:
In static member function ‘static _Up* std::__copy_move<_IsMove, true, std::random_access_iterator_tag>::__copy_m(_Tp*, _Tp*, _Up*) [with _Tp = const int; _Up = int; bool _IsMove = false]’,
    inlined from ‘_OI std::__copy_move_a2(_II, _II, _OI) [with bool _IsMove = false; _II = const int*; _OI = int*]’ at /usr/include/c++/13/bits/stl_algobase.h:506:30,
    inlined from ‘_OI std::__copy_move_a1(_II, _II, _OI) [with bool _IsMove = false; _II = const int*; _OI = int*]’ at /usr/include/c++/13/bits/stl_algobase.h:533:42,
    inlined from ‘_OI std::__copy_move_a(_II, _II, _OI) [with bool _IsMove = false; _II = __gnu_cxx::__normal_iterator<const int*, vector<int> >; _OI = int*]’ at /usr/include/c++/13/bits/stl_algobase.h:540:31,
    inlined from ‘_OI std::copy(_II, _II, _OI) [with _II = __gnu_cxx::__normal_iterator<const int*, vector<int> >; _OI = int*]’ at /usr/include/c++/13/bits/stl_algobase.h:633:7,
    inlined from ‘static _ForwardIterator std::__uninitialized_copy<true>::__uninit_copy(_InputIterator, _InputIterator, _ForwardIterator) [with _InputIterator = __gnu_cxx::__normal_iterator<const int*, std::vector<int> >; _ForwardIterator = int*]’ at /usr/include/c++/13/bits/stl_uninitialized.h:147:27,
    inlined from ‘_ForwardIterator std::uninitialized_copy(_InputIterator, _InputIterator, _ForwardIterator) [with _InputIterator = __gnu_cxx::__normal_iterator<const int*, vector<int> >; _ForwardIterator = int*]’ at /usr/include/c++/13/bits/stl_uninitialized.h:185:15,
    inlined from ‘_ForwardIterator std::__uninitialized_copy_a(_InputIterator, _InputIterator, _ForwardIterator, allocator<_Tp>&) [with _InputIterator = __gnu_cxx::__normal_iterator<const int*, vector<int> >; _ForwardIterator = int*; _Tp = int]’ at /usr/include/c++/13/bits/stl_uninitialized.h:373:37,
    inlined from ‘std::vector<_Tp, _Alloc>::vector(const std::vector<_Tp, _Alloc>&) [with _Tp = int; _Alloc = std::allocator<int>]’ at /usr/include/c++/13/bits/stl_vector.h:606:31,
    inlined from ‘std::vector<int> twoOptRoute(const VRPInstance&, const std::vector<int>&)’ at src/ga/../constructors/../route_utils.hpp:251:34:
/usr/include/c++/13/bits/stl_algobase.h:437:30: warning: ‘void* __builtin_memmove(void*, const void*, long unsigned int)’ writing between 5 and 9223372036854775807 bytes into a region of size 4 overflows the destination [-Wstringop-overflow=]
  437 |             __builtin_memmove(__result, __first, sizeof(_Tp) * _Num);
      |             ~~~~~~~~~~~~~~~~~^~~~~~~~~~~~~~~~~~~~~~~~~~~~~~~~~~~~~~~
In file included from /usr/include/x86_64-linux-gnu/c++/13/bits/c++allocator.h:33,
                 from /usr/include/c++/13/bits/allocator.h:46,
                 from /usr/include/c++/13/string:43,
                 from /usr/include/c++/13/bits/locale_classes.h:40,
                 from /usr/include/c++/13/bits/ios_base.h:41,
                 from /usr/include/c++/13/ios:44,
                 from /usr/include/c++/13/istream:40,
                 from /usr/include/c++/13/fstream:40,
                 from src/ga/../constructors/../vrpinstance.hpp:3:
In member function ‘_Tp* std::__new_allocator<_Tp>::allocate(size_type, const void*) [with _Tp = int]’,
    inlined from ‘static _Tp* std::allocator_traits<std::allocator<_CharT> >::allocate(allocator_type&, size_type) [with _Tp = int]’ at /usr/include/c++/13/bits/alloc_traits.h:482:28,
    inlined from ‘std::_Vector_base<_Tp, _Alloc>::pointer std::_Vector_base<_Tp, _Alloc>::_M_allocate(std::size_t) [with _Tp = int; _Alloc = std::allocator<int>]’ at /usr/include/c++/13/bits/stl_vector.h:381:33,
    inlined from ‘std::_Vector_base<_Tp, _Alloc>::pointer std::_Vector_base<_Tp, _Alloc>::_M_allocate(std::size_t) [with _Tp = int; _Alloc = std::allocator<int>]’ at /usr/include/c++/13/bits/stl_vector.h:378:7,
    inlined from ‘void std::_Vector_base<_Tp, _Alloc>::_M_create_storage(std::size_t) [with _Tp = int; _Alloc = std::allocator<int>]’ at /usr/include/c++/13/bits/stl_vector.h:398:44,
    inlined from ‘std::_Vector_base<_Tp, _Alloc>::_Vector_base(std::size_t, const allocator_type&) [with _Tp = int; _Alloc = std::allocator<int>]’ at /usr/include/c++/13/bits/stl_vector.h:335:26,
    inlined from ‘std::vector<_Tp, _Alloc>::vector(const std::vector<_Tp, _Alloc>&) [with _Tp = int; _Alloc = std::allocator<int>]’ at /usr/include/c++/13/bits/stl_vector.h:603:61,
    inlined from ‘std::vector<int> twoOptRoute(const VRPInstance&, const std::vector<int>&)’ at src/ga/../constructors/../route_utils.hpp:251:34:
/usr/include/c++/13/bits/new_allocator.h:151:55: note: destination object of size 4 allocated by ‘operator new’
  151 |         return static_cast<_Tp*>(_GLIBCXX_OPERATOR_NEW(__n * sizeof(_Tp)));
      |                                                       ^
In file included from /usr/include/c++/13/bits/specfun.h:43,
                 from /usr/include/c++/13/cmath:3699,
                 from src/constructors/../vrpinstance.hpp:2,
                 from src/constructors/../route_utils.hpp:2,
                 from src/constructors/farthest_nearest.hpp:2,
                 from src/ga_multithreaded_solver.hpp:2,
                 from src/ga_multithreaded_main.cpp:1:
In static member function ‘static _Up* std::__copy_move<_IsMove, true, std::random_access_iterator_tag>::__copy_m(_Tp*, _Tp*, _Up*) [with _Tp = const int; _Up = int; bool _IsMove = false]’,
    inlined from ‘_OI std::__copy_move_a2(_II, _II, _OI) [with bool _IsMove = false; _II = const int*; _OI = int*]’ at /usr/include/c++/13/bits/stl_algobase.h:506:30,
    inlined from ‘_OI std::__copy_move_a1(_II, _II, _OI) [with bool _IsMove = false; _II = const int*; _OI = int*]’ at /usr/include/c++/13/bits/stl_algobase.h:533:42,
    inlined from ‘_OI std::__copy_move_a(_II, _II, _OI) [with bool _IsMove = false; _II = __gnu_cxx::__normal_iterator<const int*, vector<int> >; _OI = int*]’ at /usr/include/c++/13/bits/stl_algobase.h:540:31,
    inlined from ‘_OI std::copy(_II, _II, _OI) [with _II = __gnu_cxx::__normal_iterator<const int*, vector<int> >; _OI = int*]’ at /usr/include/c++/13/bits/stl_algobase.h:633:7,
    inlined from ‘static _ForwardIterator std::__uninitialized_copy<true>::__uninit_copy(_InputIterator, _InputIterator, _ForwardIterator) [with _InputIterator = __gnu_cxx::__normal_iterator<const int*, std::vector<int> >; _ForwardIterator = int*]’ at /usr/include/c++/13/bits/stl_uninitialized.h:147:27,
    inlined from ‘_ForwardIterator std::uninitialized_copy(_InputIterator, _InputIterator, _ForwardIterator) [with _InputIterator = __gnu_cxx::__normal_iterator<const int*, vector<int> >; _ForwardIterator = int*]’ at /usr/include/c++/13/bits/stl_uninitialized.h:185:15,
    inlined from ‘_ForwardIterator std::__uninitialized_copy_a(_InputIterator, _InputIterator, _ForwardIterator, allocator<_Tp>&) [with _InputIterator = __gnu_cxx::__normal_iterator<const int*, vector<int> >; _ForwardIterator = int*; _Tp = int]’ at /usr/include/c++/13/bits/stl_uninitialized.h:373:37,
    inlined from ‘std::vector<_Tp, _Alloc>::vector(const std::vector<_Tp, _Alloc>&) [with _Tp = int; _Alloc = std::allocator<int>]’ at /usr/include/c++/13/bits/stl_vector.h:606:31,
    inlined from ‘std::vector<int> twoOptRoute(const VRPInstance&, const std::vector<int>&)’ at src/constructors/../route_utils.hpp:251:34:
/usr/include/c++/13/bits/stl_algobase.h:437:30: warning: ‘void* __builtin_memmove(void*, const void*, long unsigned int)’ writing between 5 and 9223372036854775807 bytes into a region of size 4 overflows the destination [-Wstringop-overflow=]
  437 |             __builtin_memmove(__result, __first, sizeof(_Tp) * _Num);
      |             ~~~~~~~~~~~~~~~~~^~~~~~~~~~~~~~~~~~~~~~~~~~~~~~~~~~~~~~~
In file included from /usr/include/x86_64-linux-gnu/c++/13/bits/c++allocator.h:33,
                 from /usr/include/c++/13/bits/allocator.h:46,
                 from /usr/include/c++/13/string:43,
                 from /usr/include/c++/13/bits/locale_classes.h:40,
                 from /usr/include/c++/13/bits/ios_base.h:41,
                 from /usr/include/c++/13/ios:44,
                 from /usr/include/c++/13/istream:40,
                 from /usr/include/c++/13/fstream:40,
                 from src/constructors/../vrpinstance.hpp:3:
In member function ‘_Tp* std::__new_allocator<_Tp>::allocate(size_type, const void*) [with _Tp = int]’,
    inlined from ‘static _Tp* std::allocator_traits<std::allocator<_CharT> >::allocate(allocator_type&, size_type) [with _Tp = int]’ at /usr/include/c++/13/bits/alloc_traits.h:482:28,
    inlined from ‘std::_Vector_base<_Tp, _Alloc>::pointer std::_Vector_base<_Tp, _Alloc>::_M_allocate(std::size_t) [with _Tp = int; _Alloc = std::allocator<int>]’ at /usr/include/c++/13/bits/stl_vector.h:381:33,
    inlined from ‘std::_Vector_base<_Tp, _Alloc>::pointer std::_Vector_base<_Tp, _Alloc>::_M_allocate(std::size_t) [with _Tp = int; _Alloc = std::allocator<int>]’ at /usr/include/c++/13/bits/stl_vector.h:378:7,
    inlined from ‘void std::_Vector_base<_Tp, _Alloc>::_M_create_storage(std::size_t) [with _Tp = int; _Alloc = std::allocator<int>]’ at /usr/include/c++/13/bits/stl_vector.h:398:44,
    inlined from ‘std::_Vector_base<_Tp, _Alloc>::_Vector_base(std::size_t, const allocator_type&) [with _Tp = int; _Alloc = std::allocator<int>]’ at /usr/include/c++/13/bits/stl_vector.h:335:26,
    inlined from ‘std::vector<_Tp, _Alloc>::vector(const std::vector<_Tp, _Alloc>&) [with _Tp = int; _Alloc = std::allocator<int>]’ at /usr/include/c++/13/bits/stl_vector.h:603:61,
    inlined from ‘std::vector<int> twoOptRoute(const VRPInstance&, const std::vector<int>&)’ at src/constructors/../route_utils.hpp:251:34:
/usr/include/c++/13/bits/new_allocator.h:151:55: note: destination object of size 4 allocated by ‘operator new’
  151 |         return static_cast<_Tp*>(_GLIBCXX_OPERATOR_NEW(__n * sizeof(_Tp)));
      |                                                       ^
Build successful: solver  validate  parallel_solver  ga_solver  ga_multithreaded_solver
Compiling C++ solvers...
Writing benchmark rows to /cs/home/szliu/transportation-routing/experiments/full_5min_20260504.csv
Running independent on 16_5_1.vrp (300s)...
Running one_way on 16_5_1.vrp (300s)...
Running bidirectional on 16_5_1.vrp (300s)...
Running independent on 21_4_1.vrp (300s)...
Running one_way on 21_4_1.vrp (300s)...
Running bidirectional on 21_4_1.vrp (300s)...
Running independent on 30_4_1.vrp (300s)...
Running one_way on 30_4_1.vrp (300s)...
Running bidirectional on 30_4_1.vrp (300s)...
Running independent on 41_14_1.vrp (300s)...
Running one_way on 41_14_1.vrp (300s)...
Running bidirectional on 41_14_1.vrp (300s)...
Running independent on 45_4_1.vrp (300s)...
Running one_way on 45_4_1.vrp (300s)...
Running bidirectional on 45_4_1.vrp (300s)...
Running independent on 51_5_1.vrp (300s)...
Running one_way on 51_5_1.vrp (300s)...
Running bidirectional on 51_5_1.vrp (300s)...
Running independent on 76_8_2.vrp (300s)...
Running one_way on 76_8_2.vrp (300s)...
Running bidirectional on 76_8_2.vrp (300s)...
Running independent on 101_11_2.vrp (300s)...
Running one_way on 101_11_2.vrp (300s)...
Running bidirectional on 101_11_2.vrp (300s)...
Running independent on 101_8_1.vrp (300s)...
Running one_way on 101_8_1.vrp (300s)...
Running bidirectional on 101_8_1.vrp (300s)...
Running independent on 121_7_1.vrp (300s)...
Running one_way on 121_7_1.vrp (300s)...
Running bidirectional on 121_7_1.vrp (300s)...
Running independent on 135_7_1.vrp (300s)...
Running one_way on 135_7_1.vrp (300s)...
Running bidirectional on 135_7_1.vrp (300s)...
Running independent on 151_15_1.vrp (300s)...
Running one_way on 151_15_1.vrp (300s)...
Running bidirectional on 151_15_1.vrp (300s)...
Running independent on 200_16_2.vrp (300s)...
Running one_way on 200_16_2.vrp (300s)...
Running bidirectional on 200_16_2.vrp (300s)...
Running independent on 241_22_1.vrp (300s)...
Running one_way on 241_22_1.vrp (300s)...
Running bidirectional on 241_22_1.vrp (300s)...
Running independent on 262_25_1.vrp (300s)...
Running one_way on 262_25_1.vrp (300s)...
Running bidirectional on 262_25_1.vrp (300s)...
Running independent on 386_47_1.vrp (300s)...
Running one_way on 386_47_1.vrp (300s)...
Running bidirectional on 386_47_1.vrp (300s)...
Done. Results: /cs/home/szliu/transportation-routing/experiments/full_5min_20260504.csv
