In file included from /usr/include/c++/13/bits/specfun.h:43,
                 from /usr/include/c++/13/cmath:3699,
                 from src/constructors/../vrpinstance.hpp:2,
                 from src/constructors/../route_utils.hpp:2,
                 from src/constructors/farthest_nearest.hpp:2,
                 from src/solver_runner.hpp:2,
                 from src/main.cpp:1:
In static member function ‘static _Up* std::__copy_move<_IsMove, true, std::random_access_iterator_tag>::__copy_m(_Tp*, _Tp*, _Up*) [with _Tp = const int; _Up = int; bool _IsMove = false]’,
    inlined from ‘_OI std::__copy_move_a2(_II, _II, _OI) [with bool _IsMove = false; _II = const int*; _OI = int*]’ at /usr/include/c++/13/bits/stl_algobase.h:506:30,
    inlined from ‘_OI std::__copy_move_a1(_II, _II, _OI) [with bool _IsMove = false; _II = const int*; _OI = int*]’ at /usr/include/c++/13/bits/stl_algobase.h:533:42,
    inlined from ‘_OI std::__copy_move_a(_II, _II, _OI) [with bool _IsMove = false; _II = __gnu_cxx::__normal_iterator<const int*, vector<int> >; _OI = int*]’ at /usr/include/c++/13/bits/stl_algobase.h:540:31,
    inlined from ‘_OI std::copy(_II, _II, _OI) [with _II = __gnu_cxx::__normal_iterator<const int*, vector<int> >; _OI = int*]’ at /usr/include/c++/13/bits/stl_algobase.h:633:7,
    inlined from ‘static _ForwardIterator std::__uninitialized_copy<true>::__uninit_copy(_InputIterator, _InputIterator, _ForwardIterator) [with _InputIterator = __gnu_cxx::__normal_iterator<const int*, std::vector<int> >; _ForwardIterator = int*]’ at /usr/include/c++/13/bits/stl_uninitialized.h:147:27,
    inlined from ‘_ForwardIterator std::uninitialized_copy(_InputIterator, _InputIterator, _ForwardIterator) [with _InputIterator = __gnu_cxx::__normal_iterator<const int*, vector<int> >; _ForwardIterator = int*]’ at /usr/include/c++/13/bits/stl_uninitialized.h:185:15,
    inlined from ‘_ForwardIterator std::__uninitialized_copy_a(_InputIterator, _InputIterator, _ForwardIterator, allocator<_Tp>&) [with _InputIterator = __gnu_cxx::__normal_iterator<const int*, vector<int> >; _ForwardIterator = int*; _Tp = int]’ at /usr/include/c++/13/bits/stl_uninitialized.h:373:37,
    inlined from ‘std::vector<_Tp, _Alloc>::vector(const std::vector<_Tp, _Alloc>&) [with _Tp = int; _Alloc = std::allocator<int>]’ at /usr/include/c++/13/bits/stl_vector.h:606:31,
    inlined from ‘std::vector<int> twoOptRoute(const VRPInstance&, const std::vector<int>&)’ at src/constructors/../route_utils.hpp:251:34:
/usr/include/c++/13/bits/stl_algobase.h:437:30: warning: ‘void* __builtin_memmove(void*, const void*, long unsigned int)’ writing between 5 and 9223372036854775807 bytes into a region of size 4 overflows the destination [-Wstringop-overflow=]
  437 |             __builtin_memmove(__result, __first, sizeof(_Tp) * _Num);
      |             ~~~~~~~~~~~~~~~~~^~~~~~~~~~~~~~~~~~~~~~~~~~~~~~~~~~~~~~~
In file included from /usr/include/x86_64-linux-gnu/c++/13/bits/c++allocator.h:33,
                 from /usr/include/c++/13/bits/allocator.h:46,
                 from /usr/include/c++/13/string:43,
                 from /usr/include/c++/13/bits/locale_classes.h:40,
                 from /usr/include/c++/13/bits/ios_base.h:41,
                 from /usr/include/c++/13/ios:44,
                 from /usr/include/c++/13/istream:40,
                 from /usr/include/c++/13/fstream:40,
                 from src/constructors/../vrpinstance.hpp:3:
In member function ‘_Tp* std::__new_allocator<_Tp>::allocate(size_type, const void*) [with _Tp = int]’,
    inlined from ‘static _Tp* std::allocator_traits<std::allocator<_CharT> >::allocate(allocator_type&, size_type) [with _Tp = int]’ at /usr/include/c++/13/bits/alloc_traits.h:482:28,
    inlined from ‘std::_Vector_base<_Tp, _Alloc>::pointer std::_Vector_base<_Tp, _Alloc>::_M_allocate(std::size_t) [with _Tp = int; _Alloc = std::allocator<int>]’ at /usr/include/c++/13/bits/stl_vector.h:381:33,
    inlined from ‘std::_Vector_base<_Tp, _Alloc>::pointer std::_Vector_base<_Tp, _Alloc>::_M_allocate(std::size_t) [with _Tp = int; _Alloc = std::allocator<int>]’ at /usr/include/c++/13/bits/stl_vector.h:378:7,
    inlined from ‘void std::_Vector_base<_Tp, _Alloc>::_M_create_storage(std::size_t) [with _Tp = int; _Alloc = std::allocator<int>]’ at /usr/include/c++/13/bits/stl_vector.h:398:44,
    inlined from ‘std::_Vector_base<_Tp, _Alloc>::_Vector_base(std::size_t, const allocator_type&) [with _Tp = int; _Alloc = std::allocator<int>]’ at /usr/include/c++/13/bits/stl_vector.h:335:26,
    inlined from ‘std::vector<_Tp, _Alloc>::vector(const std::vector<_Tp, _Alloc>&) [with _Tp = int; _Alloc = std::allocator<int>]’ at /usr/include/c++/13/bits/stl_vector.h:603:61,
    inlined from ‘std::vector<int> twoOptRoute(const VRPInstance&, const std::vector<int>&)’ at src/constructors/../route_utils.hpp:251:34:
/usr/include/c++/13/bits/new_allocator.h:151:55: note: destination object of size 4 allocated by ‘operator new’
  151 |         return static_cast<_Tp*>(_GLIBCXX_OPERATOR_NEW(__n * sizeof(_Tp)));
      |                                                       ^
In file included from /usr/include/c++/13/bits/specfun.h:43,
                 from /usr/include/c++/13/cmath:3699,
                 from src/constructors/../vrpinstance.hpp:2,
                 from src/constructors/../route_utils.hpp:2,
                 from src/constructors/farthest_nearest.hpp:2,
                 from src/parallel_solver.hpp:2,
                 from src/parallel_main.cpp:1:
In static member function ‘static _Up* std::__copy_move<_IsMove, true, std::random_access_iterator_tag>::__copy_m(_Tp*, _Tp*, _Up*) [with _Tp = const int; _Up = int; bool _IsMove = false]’,
    inlined from ‘_OI std::__copy_move_a2(_II, _II, _OI) [with bool _IsMove = false; _II = const int*; _OI = int*]’ at /usr/include/c++/13/bits/stl_algobase.h:506:30,
    inlined from ‘_OI std::__copy_move_a1(_II, _II, _OI) [with bool _IsMove = false; _II = const int*; _OI = int*]’ at /usr/include/c++/13/bits/stl_algobase.h:533:42,
    inlined from ‘_OI std::__copy_move_a(_II, _II, _OI) [with bool _IsMove = false; _II = __gnu_cxx::__normal_iterator<const int*, vector<int> >; _OI = int*]’ at /usr/include/c++/13/bits/stl_algobase.h:540:31,
    inlined from ‘_OI std::copy(_II, _II, _OI) [with _II = __gnu_cxx::__normal_iterator<const int*, vector<int> >; _OI = int*]’ at /usr/include/c++/13/bits/stl_algobase.h:633:7,
    inlined from ‘static _ForwardIterator std::__uninitialized_copy<true>::__uninit_copy(_InputIterator, _InputIterator, _ForwardIterator) [with _InputIterator = __gnu_cxx::__normal_iterator<const int*, std::vector<int> >; _ForwardIterator = int*]’ at /usr/include/c++/13/bits/stl_uninitialized.h:147:27,
    inlined from ‘_ForwardIterator std::uninitialized_copy(_InputIterator, _InputIterator, _ForwardIterator) [with _InputIterator = __gnu_cxx::__normal_iterator<const int*, vector<int> >; _ForwardIterator = int*]’ at /usr/include/c++/13/bits/stl_uninitialized.h:185:15,
    inlined from ‘_ForwardIterator std::__uninitialized_copy_a(_InputIterator, _InputIterator, _ForwardIterator, allocator<_Tp>&) [with _InputIterator = __gnu_cxx::__normal_iterator<const int*, vector<int> >; _ForwardIterator = int*; _Tp = int]’ at /usr/include/c++/13/bits/stl_uninitialized.h:373:37,
    inlined from ‘std::vector<_Tp, _Alloc>::vector(const std::vector<_Tp, _Alloc>&) [with _Tp = int; _Alloc = std::allocator<int>]’ at /usr/include/c++/13/bits/stl_vector.h:606:31,
    inlined from ‘std::vector<int> twoOptRoute(const VRPInstance&, const std::vector<int>&)’ at src/constructors/../route_utils.hpp:251:34:
/usr/include/c++/13/bits/stl_algobase.h:437:30: warning: ‘void* __builtin_memmove(void*, const void*, long unsigned int)’ writing between 5 and 9223372036854775807 bytes into a region of size 4 overflows the destination [-Wstringop-overflow=]
  437 |             __builtin_memmove(__result, __first, sizeof(_Tp) * _Num);
      |             ~~~~~~~~~~~~~~~~~^~~~~~~~~~~~~~~~~~~~~~~~~~~~~~~~~~~~~~~
In file included from /usr/include/x86_64-linux-gnu/c++/13/bits/c++allocator.h:33,
                 from /usr/include/c++/13/bits/allocator.h:46,
                 from /usr/include/c++/13/string:43,
                 from /usr/include/c++/13/bits/locale_classes.h:40,
                 from /usr/include/c++/13/bits/ios_base.h:41,
                 from /usr/include/c++/13/ios:44,
                 from /usr/include/c++/13/istream:40,
                 from /usr/include/c++/13/fstream:40,
                 from src/constructors/../vrpinstance.hpp:3:
In member function ‘_Tp* std::__new_allocator<_Tp>::allocate(size_type, const void*) [with _Tp = int]’,
    inlined from ‘static _Tp* std::allocator_traits<std::allocator<_CharT> >::allocate(allocator_type&, size_type) [with _Tp = int]’ at /usr/include/c++/13/bits/alloc_traits.h:482:28,
    inlined from ‘std::_Vector_base<_Tp, _Alloc>::pointer std::_Vector_base<_Tp, _Alloc>::_M_allocate(std::size_t) [with _Tp = int; _Alloc = std::allocator<int>]’ at /usr/include/c++/13/bits/stl_vector.h:381:33,
    inlined from ‘std::_Vector_base<_Tp, _Alloc>::pointer std::_Vector_base<_Tp, _Alloc>::_M_allocate(std::size_t) [with _Tp = int; _Alloc = std::allocator<int>]’ at /usr/include/c++/13/bits/stl_vector.h:378:7,
    inlined from ‘void std::_Vector_base<_Tp, _Alloc>::_M_create_storage(std::size_t) [with _Tp = int; _Alloc = std::allocator<int>]’ at /usr/include/c++/13/bits/stl_vector.h:398:44,
    inlined from ‘std::_Vector_base<_Tp, _Alloc>::_Vector_base(std::size_t, const allocator_type&) [with _Tp = int; _Alloc = std::allocator<int>]’ at /usr/include/c++/13/bits/stl_vector.h:335:26,
    inlined from ‘std::vector<_Tp, _Alloc>::vector(const std::vector<_Tp, _Alloc>&) [with _Tp = int; _Alloc = std::allocator<int>]’ at /usr/include/c++/13/bits/stl_vector.h:603:61,
    inlined from ‘std::vector<int> twoOptRoute(const VRPInstance&, const std::vector<int>&)’ at src/constructors/../route_utils.hpp:251:34:
/usr/include/c++/13/bits/new_allocator.h:151:55: note: destination object of size 4 allocated by ‘operator new’
  151 |         return static_cast<_Tp*>(_GLIBCXX_OPERATOR_NEW(__n * sizeof(_Tp)));
      |                                                       ^
In file included from /usr/include/c++/13/bits/specfun.h:43,
                 from /usr/include/c++/13/cmath:3699,
                 from src/ga/../constructors/../vrpinstance.hpp:2,
                 from src/ga/../constructors/../route_utils.hpp:2,
                 from src/ga/../constructors/farthest_nearest.hpp:2,
                 from src/ga/hgs.hpp:2,
                 from src/ga_main.cpp:1:
In static member function ‘static _Up* std::__copy_move<_IsMove, true, std::random_access_iterator_tag>::__copy_m(_Tp*, _Tp*, _Up*) [with _Tp = const int; _Up = int; bool _IsMove = false]’,
    inlined from ‘_OI std::__copy_move_a2(_II, _II, _OI) [with bool _IsMove = false; _II = const int*; _OI = int*]’ at /usr/include/c++/13/bits/stl_algobase.h:506:30,
    inlined from ‘_OI std::__copy_move_a1(_II, _II, _OI) [with bool _IsMove = false; _II = const int*; _OI = int*]’ at /usr/include/c++/13/bits/stl_algobase.h:533:42,
    inlined from ‘_OI std::__copy_move_a(_II, _II, _OI) [with bool _IsMove = false; _II = __gnu_cxx::__normal_iterator<const int*, vector<int> >; _OI = int*]’ at /usr/include/c++/13/bits/stl_algobase.h:540:31,
    inlined from ‘_OI std::copy(_II, _II, _OI) [with _II = __gnu_cxx::__normal_iterator<const int*, vector<int> >; _OI = int*]’ at /usr/include/c++/13/bits/stl_algobase.h:633:7,
    inlined from ‘static _ForwardIterator std::__uninitialized_copy<true>::__uninit_copy(_InputIterator, _InputIterator, _ForwardIterator) [with _InputIterator = __gnu_cxx::__normal_iterator<const int*, std::vector<int> >; _ForwardIterator = int*]’ at /usr/include/c++/13/bits/stl_uninitialized.h:147:27,
    inlined from ‘_ForwardIterator std::uninitialized_copy(_InputIterator, _InputIterator, _ForwardIterator) [with _InputIterator = __gnu_cxx::__normal_iterator<const int*, vector<int> >; _ForwardIterator = int*]’ at /usr/include/c++/13/bits/stl_uninitialized.h:185:15,
    inlined from ‘_ForwardIterator std::__uninitialized_copy_a(_InputIterator, _InputIterator, _ForwardIterator, allocator<_Tp>&) [with _InputIterator = __gnu_cxx::__normal_iterator<const int*, vector<int> >; _ForwardIterator = int*; _Tp = int]’ at /usr/include/c++/13/bits/stl_uninitialized.h:373:37,
    inlined from ‘std::vector<_Tp, _Alloc>::vector(const std::vector<_Tp, _Alloc>&) [with _Tp = int; _Alloc = std::allocator<int>]’ at /usr/include/c++/13/bits/stl_vector.h:606:31,
    inlined from ‘std::vector<int> twoOptRoute(const VRPInstance&, const std::vector<int>&)’ at src/ga/../constructors/../route_utils.hpp:251:34:
/usr/include/c++/13/bits/stl_algobase.h:437:30: warning: ‘void* __builtin_memmove(void*, const void*, long unsigned int)’ writing between 5 and 9223372036854775807 bytes into a region of size 4 overflows the destination [-Wstringop-overflow=]
  437 |             __builtin_memmove(__result, __first, sizeof(_Tp) * _Num);
      |             ~~~~~~~~~~~~~~~~~^~~~~~~~~~~~~~~~~~~~~~~~~~~~~~~~~~~~~~~
In file included from /usr/include/x86_64-linux-gnu/c++/13/bits/c++allocator.h:33,
                 from /usr/include/c++/13/bits/allocator.h:46,
                 from /usr/include/c++/13/string:43,
                 from /usr/include/c++/13/bits/locale_classes.h:40,
                 from /usr/include/c++/13/bits/ios_base.h:41,
                 from /usr/include/c++/13/ios:44,
                 from /usr/include/c++/13/istream:40,
                 from /usr/include/c++/13/fstream:40,
                 from src/ga/../constructors/../vrpinstance.hpp:3:
In member function ‘_Tp* std::__new_allocator<_Tp>::allocate(size_type, const void*) [with _Tp = int]’,
    inlined from ‘static _Tp* std::allocator_traits<std::allocator<_CharT> >::allocate(allocator_type&, size_type) [with _Tp = int]’ at /usr/include/c++/13/bits/alloc_traits.h:482:28,
    inlined from ‘std::_Vector_base<_Tp, _Alloc>::pointer std::_Vector_base<_Tp, _Alloc>::_M_allocate(std::size_t) [with _Tp = int; _Alloc = std::allocator<int>]’ at /usr/include/c++/13/bits/stl_vector.h:381:33,
    inlined from ‘std::_Vector_base<_Tp, _Alloc>::pointer std::_Vector_base<_Tp, _Alloc>::_M_allocate(std::size_t) [with _Tp = int; _Alloc = std::allocator<int>]’ at /usr/include/c++/13/bits/stl_vector.h:378:7,
    inlined from ‘void std::_Vector_base<_Tp, _Alloc>::_M_create_storage(std::size_t) [with _Tp = int; _Alloc = std::allocator<int>]’ at /usr/include/c++/13/bits/stl_vector.h:398:44,
    inlined from ‘std::_Vector_base<_Tp, _Alloc>::_Vector_base(std::size_t, const allocator_type&) [with _Tp = int; _Alloc = std::allocator<int>]’ at /usr/include/c++/13/bits/stl_vector.h:335:26,
    inlined from ‘std::vector<_Tp, _Alloc>::vector(const std::vector<_Tp, _Alloc>&) [with _Tp = int; _Alloc = std::allocator<int>]’ at /usr/include/c++/13/bits/stl_vector.h:603:61,
    inlined from ‘std::vector<int> twoOptRoute(const VRPInstance&, const std::vector<int>&)’ at src/ga/../constructors/../route_utils.hpp:251:34:
/usr/include/c++/13/bits/new_allocator.h:151:55: note: destination object of size 4 allocated by ‘operator new’
  151 |         return static_cast<_Tp*>(_GLIBCXX_OPERATOR_NEW(__n * sizeof(_Tp)));
      |                                                       ^
In file included from /usr/include/c++/13/bits/specfun.h:43,
                 from /usr/include/c++/13/cmath:3699,
                 from src/constructors/../vrpinstance.hpp:2,
                 from src/constructors/../route_utils.hpp:2,
                 from src/constructors/farthest_nearest.hpp:2,
                 from src/ga_multithreaded_solver.hpp:2,
                 from src/ga_multithreaded_main.cpp:1:
In static member function ‘static _Up* std::__copy_move<_IsMove, true, std::random_access_iterator_tag>::__copy_m(_Tp*, _Tp*, _Up*) [with _Tp = const int; _Up = int; bool _IsMove = false]’,
    inlined from ‘_OI std::__copy_move_a2(_II, _II, _OI) [with bool _IsMove = false; _II = const int*; _OI = int*]’ at /usr/include/c++/13/bits/stl_algobase.h:506:30,
    inlined from ‘_OI std::__copy_move_a1(_II, _II, _OI) [with bool _IsMove = false; _II = const int*; _OI = int*]’ at /usr/include/c++/13/bits/stl_algobase.h:533:42,
    inlined from ‘_OI std::__copy_move_a(_II, _II, _OI) [with bool _IsMove = false; _II = __gnu_cxx::__normal_iterator<const int*, vector<int> >; _OI = int*]’ at /usr/include/c++/13/bits/stl_algobase.h:540:31,
    inlined from ‘_OI std::copy(_II, _II, _OI) [with _II = __gnu_cxx::__normal_iterator<const int*, vector<int> >; _OI = int*]’ at /usr/include/c++/13/bits/stl_algobase.h:633:7,
    inlined from ‘static _ForwardIterator std::__uninitialized_copy<true>::__uninit_copy(_InputIterator, _InputIterator, _ForwardIterator) [with _InputIterator = __gnu_cxx::__normal_iterator<const int*, std::vector<int> >; _ForwardIterator = int*]’ at /usr/include/c++/13/bits/stl_uninitialized.h:147:27,
    inlined from ‘_ForwardIterator std::uninitialized_copy(_InputIterator, _InputIterator, _ForwardIterator) [with _InputIterator = __gnu_cxx::__normal_iterator<const int*, vector<int> >; _ForwardIterator = int*]’ at /usr/include/c++/13/bits/stl_uninitialized.h:185:15,
    inlined from ‘_ForwardIterator std::__uninitialized_copy_a(_InputIterator, _InputIterator, _ForwardIterator, allocator<_Tp>&) [with _InputIterator = __gnu_cxx::__normal_iterator<const int*, vector<int> >; _ForwardIterator = int*; _Tp = int]’ at /usr/include/c++/13/bits/stl_uninitialized.h:373:37,
    inlined from ‘std::vector<_Tp, _Alloc>::vector(const std::vector<_Tp, _Alloc>&) [with _Tp = int; _Alloc = std::allocator<int>]’ at /usr/include/c++/13/bits/stl_vector.h:606:31,
    inlined from ‘std::vector<int> twoOptRoute(const VRPInstance&, const std::vector<int>&)’ at src/constructors/../route_utils.hpp:251:34:
/usr/include/c++/13/bits/stl_algobase.h:437:30: warning: ‘void* __builtin_memmove(void*, const void*, long unsigned int)’ writing between 5 and 9223372036854775807 bytes into a region of size 4 overflows the destination [-Wstringop-overflow=]
  437 |             __builtin_memmove(__result, __first, sizeof(_Tp) * _Num);
      |             ~~~~~~~~~~~~~~~~~^~~~~~~~~~~~~~~~~~~~~~~~~~~~~~~~~~~~~~~
In file included from /usr/include/x86_64-linux-gnu/c++/13/bits/c++allocator.h:33,
                 from /usr/include/c++/13/bits/allocator.h:46,
                 from /usr/include/c++/13/string:43,
                 from /usr/include/c++/13/bits/locale_classes.h:40,
                 from /usr/include/c++/13/bits/ios_base.h:41,
                 from /usr/include/c++/13/ios:44,
                 from /usr/include/c++/13/istream:40,
                 from /usr/include/c++/13/fstream:40,
                 from src/constructors/../vrpinstance.hpp:3:
In member function ‘_Tp* std::__new_allocator<_Tp>::allocate(size_type, const void*) [with _Tp = int]’,
    inlined from ‘static _Tp* std::allocator_traits<std::allocator<_CharT> >::allocate(allocator_type&, size_type) [with _Tp = int]’ at /usr/include/c++/13/bits/alloc_traits.h:482:28,
    inlined from ‘std::_Vector_base<_Tp, _Alloc>::pointer std::_Vector_base<_Tp, _Alloc>::_M_allocate(std::size_t) [with _Tp = int; _Alloc = std::allocator<int>]’ at /usr/include/c++/13/bits/stl_vector.h:381:33,
    inlined from ‘std::_Vector_base<_Tp, _Alloc>::pointer std::_Vector_base<_Tp, _Alloc>::_M_allocate(std::size_t) [with _Tp = int; _Alloc = std::allocator<int>]’ at /usr/include/c++/13/bits/stl_vector.h:378:7,
    inlined from ‘void std::_Vector_base<_Tp, _Alloc>::_M_create_storage(std::size_t) [with _Tp = int; _Alloc = std::allocator<int>]’ at /usr/include/c++/13/bits/stl_vector.h:398:44,
    inlined from ‘std::_Vector_base<_Tp, _Alloc>::_Vector_base(std::size_t, const allocator_type&) [with _Tp = int; _Alloc = std::allocator<int>]’ at /usr/include/c++/13/bits/stl_vector.h:335:26,
    inlined from ‘std::vector<_Tp, _Alloc>::vector(const std::vector<_Tp, _Alloc>&) [with _Tp = int; _Alloc = std::allocator<int>]’ at /usr/include/c++/13/bits/stl_vector.h:603:61,
    inlined from ‘std::vector<int> twoOptRoute(const VRPInstance&, const std::vector<int>&)’ at src/constructors/../route_utils.hpp:251:34:
/usr/include/c++/13/bits/new_allocator.h:151:55: note: destination object of size 4 allocated by ‘operator new’
  151 |         return static_cast<_Tp*>(_GLIBCXX_OPERATOR_NEW(__n * sizeof(_Tp)));
      |                                                       ^
In file included from /usr/include/c++/13/bits/specfun.h:43,
                 from /usr/include/c++/13/cmath:3699,
                 from src/ga/../vrpinstance.hpp:2,
                 from src/ga/../route_utils.hpp:2,
                 from src/ga/diagnostics.hpp:2,
                 from src/ga_diagnostics_main.cpp:1:
In static member function ‘static _Up* std::__copy_move<_IsMove, true, std::random_access_iterator_tag>::__copy_m(_Tp*, _Tp*, _Up*) [with _Tp = const int; _Up = int; bool _IsMove = false]’,
    inlined from ‘_OI std::__copy_move_a2(_II, _II, _OI) [with bool _IsMove = false; _II = const int*; _OI = int*]’ at /usr/include/c++/13/bits/stl_algobase.h:506:30,
    inlined from ‘_OI std::__copy_move_a1(_II, _II, _OI) [with bool _IsMove = false; _II = const int*; _OI = int*]’ at /usr/include/c++/13/bits/stl_algobase.h:533:42,
    inlined from ‘_OI std::__copy_move_a(_II, _II, _OI) [with bool _IsMove = false; _II = __gnu_cxx::__normal_iterator<const int*, vector<int> >; _OI = int*]’ at /usr/include/c++/13/bits/stl_algobase.h:540:31,
    inlined from ‘_OI std::copy(_II, _II, _OI) [with _II = __gnu_cxx::__normal_iterator<const int*, vector<int> >; _OI = int*]’ at /usr/include/c++/13/bits/stl_algobase.h:633:7,
    inlined from ‘static _ForwardIterator std::__uninitialized_copy<true>::__uninit_copy(_InputIterator, _InputIterator, _ForwardIterator) [with _InputIterator = __gnu_cxx::__normal_iterator<const int*, std::vector<int> >; _ForwardIterator = int*]’ at /usr/include/c++/13/bits/stl_uninitialized.h:147:27,
    inlined from ‘_ForwardIterator std::uninitialized_copy(_InputIterator, _InputIterator, _ForwardIterator) [with _InputIterator = __gnu_cxx::__normal_iterator<const int*, vector<int> >; _ForwardIterator = int*]’ at /usr/include/c++/13/bits/stl_uninitialized.h:185:15,
    inlined from ‘_ForwardIterator std::__uninitialized_copy_a(_InputIterator, _InputIterator, _ForwardIterator, allocator<_Tp>&) [with _InputIterator = __gnu_cxx::__normal_iterator<const int*, vector<int> >; _ForwardIterator = int*; _Tp = int]’ at /usr/include/c++/13/bits/stl_uninitialized.h:373:37,
    inlined from ‘std::vector<_Tp, _Alloc>::vector(const std::vector<_Tp, _Alloc>&) [with _Tp = int; _Alloc = std::allocator<int>]’ at /usr/include/c++/13/bits/stl_vector.h:606:31,
    inlined from ‘std::vector<int> twoOptRoute(const VRPInstance&, const std::vector<int>&)’ at src/ga/../route_utils.hpp:251:34:
/usr/include/c++/13/bits/stl_algobase.h:437:30: warning: ‘void* __builtin_memmove(void*, const void*, long unsigned int)’ writing between 5 and 9223372036854775807 bytes into a region of size 4 overflows the destination [-Wstringop-overflow=]
  437 |             __builtin_memmove(__result, __first, sizeof(_Tp) * _Num);
      |             ~~~~~~~~~~~~~~~~~^~~~~~~~~~~~~~~~~~~~~~~~~~~~~~~~~~~~~~~
In file included from /usr/include/x86_64-linux-gnu/c++/13/bits/c++allocator.h:33,
                 from /usr/include/c++/13/bits/allocator.h:46,
                 from /usr/include/c++/13/string:43,
                 from /usr/include/c++/13/bits/locale_classes.h:40,
                 from /usr/include/c++/13/bits/ios_base.h:41,
                 from /usr/include/c++/13/ios:44,
                 from /usr/include/c++/13/istream:40,
                 from /usr/include/c++/13/fstream:40,
                 from src/ga/../vrpinstance.hpp:3:
In member function ‘_Tp* std::__new_allocator<_Tp>::allocate(size_type, const void*) [with _Tp = int]’,
    inlined from ‘static _Tp* std::allocator_traits<std::allocator<_CharT> >::allocate(allocator_type&, size_type) [with _Tp = int]’ at /usr/include/c++/13/bits/alloc_traits.h:482:28,
    inlined from ‘std::_Vector_base<_Tp, _Alloc>::pointer std::_Vector_base<_Tp, _Alloc>::_M_allocate(std::size_t) [with _Tp = int; _Alloc = std::allocator<int>]’ at /usr/include/c++/13/bits/stl_vector.h:381:33,
    inlined from ‘std::_Vector_base<_Tp, _Alloc>::pointer std::_Vector_base<_Tp, _Alloc>::_M_allocate(std::size_t) [with _Tp = int; _Alloc = std::allocator<int>]’ at /usr/include/c++/13/bits/stl_vector.h:378:7,
    inlined from ‘void std::_Vector_base<_Tp, _Alloc>::_M_create_storage(std::size_t) [with _Tp = int; _Alloc = std::allocator<int>]’ at /usr/include/c++/13/bits/stl_vector.h:398:44,
    inlined from ‘std::_Vector_base<_Tp, _Alloc>::_Vector_base(std::size_t, const allocator_type&) [with _Tp = int; _Alloc = std::allocator<int>]’ at /usr/include/c++/13/bits/stl_vector.h:335:26,
    inlined from ‘std::vector<_Tp, _Alloc>::vector(const std::vector<_Tp, _Alloc>&) [with _Tp = int; _Alloc = std::allocator<int>]’ at /usr/include/c++/13/bits/stl_vector.h:603:61,
    inlined from ‘std::vector<int> twoOptRoute(const VRPInstance&, const std::vector<int>&)’ at src/ga/../route_utils.hpp:251:34:
/usr/include/c++/13/bits/new_allocator.h:151:55: note: destination object of size 4 allocated by ‘operator new’
  151 |         return static_cast<_Tp*>(_GLIBCXX_OPERATOR_NEW(__n * sizeof(_Tp)));
      |                                                       ^
Build successful: solver  validate  parallel_solver  ga_solver  ga_multithreaded_solver  ga_diagnostics_solver
Compiling C++ solvers...
Compilation done.
Writing benchmark rows to /cs/home/szliu/transportation-routing/experiments/hgs_full_5min_20260505.csv
Running hgs_standalone on 16_5_1.vrp (300s)...
Running: /cs/home/szliu/transportation-routing/cpp/ga_solver /cs/home/szliu/transportation-routing/input/16_5_1.vrp --time-limit 300.0 --seed 42
  16_5_1.vrp: objective=334.96 valid=True runtime=300.00s [OK]
Running hgs_standalone on 21_4_1.vrp (300s)...
Running: /cs/home/szliu/transportation-routing/cpp/ga_solver /cs/home/szliu/transportation-routing/input/21_4_1.vrp --time-limit 300.0 --seed 42
  21_4_1.vrp: objective=358.4 valid=True runtime=300.00s [OK]
Running hgs_standalone on 30_4_1.vrp (300s)...
Running: /cs/home/szliu/transportation-routing/cpp/ga_solver /cs/home/szliu/transportation-routing/input/30_4_1.vrp --time-limit 300.0 --seed 42
  30_4_1.vrp: objective=505.01 valid=True runtime=300.00s [OK]
Running hgs_standalone on 41_14_1.vrp (300s)...
Running: /cs/home/szliu/transportation-routing/cpp/ga_solver /cs/home/szliu/transportation-routing/input/41_14_1.vrp --time-limit 300.0 --seed 42
  41_14_1.vrp: objective=861.79 valid=True runtime=300.01s [OK]
Running hgs_standalone on 45_4_1.vrp (300s)...
Running: /cs/home/szliu/transportation-routing/cpp/ga_solver /cs/home/szliu/transportation-routing/input/45_4_1.vrp --time-limit 300.0 --seed 42
  45_4_1.vrp: objective=723.54 valid=True runtime=300.01s [OK]
Running hgs_standalone on 51_5_1.vrp (300s)...
Running: /cs/home/szliu/transportation-routing/cpp/ga_solver /cs/home/szliu/transportation-routing/input/51_5_1.vrp --time-limit 300.0 --seed 42
  51_5_1.vrp: objective=524.61 valid=True runtime=300.00s [OK]
Running hgs_standalone on 76_8_2.vrp (300s)...
Running: /cs/home/szliu/transportation-routing/cpp/ga_solver /cs/home/szliu/transportation-routing/input/76_8_2.vrp --time-limit 300.0 --seed 42
  76_8_2.vrp: objective=740.66 valid=True runtime=300.01s [OK]
Running hgs_standalone on 101_11_2.vrp (300s)...
Running: /cs/home/szliu/transportation-routing/cpp/ga_solver /cs/home/szliu/transportation-routing/input/101_11_2.vrp --time-limit 300.0 --seed 42
  101_11_2.vrp: objective=1940.61 valid=True runtime=300.01s [OK]
Running hgs_standalone on 101_8_1.vrp (300s)...
Running: /cs/home/szliu/transportation-routing/cpp/ga_solver /cs/home/szliu/transportation-routing/input/101_8_1.vrp --time-limit 300.0 --seed 42
  101_8_1.vrp: objective=827.39 valid=True runtime=300.01s [OK]
Running hgs_standalone on 121_7_1.vrp (300s)...
Running: /cs/home/szliu/transportation-routing/cpp/ga_solver /cs/home/szliu/transportation-routing/input/121_7_1.vrp --time-limit 300.0 --seed 42
  121_7_1.vrp: objective=1042.12 valid=True runtime=300.01s [OK]
Running hgs_standalone on 135_7_1.vrp (300s)...
Running: /cs/home/szliu/transportation-routing/cpp/ga_solver /cs/home/szliu/transportation-routing/input/135_7_1.vrp --time-limit 300.0 --seed 42
  135_7_1.vrp: objective=1162.96 valid=True runtime=300.01s [OK]
Running hgs_standalone on 151_15_1.vrp (300s)...
Running: /cs/home/szliu/transportation-routing/cpp/ga_solver /cs/home/szliu/transportation-routing/input/151_15_1.vrp --time-limit 300.0 --seed 42
  151_15_1.vrp: objective=3083.92 valid=True runtime=300.01s [OK]
Running hgs_standalone on 200_16_2.vrp (300s)...
Running: /cs/home/szliu/transportation-routing/cpp/ga_solver /cs/home/szliu/transportation-routing/input/200_16_2.vrp --time-limit 300.0 --seed 42
  200_16_2.vrp: objective=1487.98 valid=True runtime=300.01s [OK]
Running hgs_standalone on 241_22_1.vrp (300s)...
Running: /cs/home/szliu/transportation-routing/cpp/ga_solver /cs/home/szliu/transportation-routing/input/241_22_1.vrp --time-limit 300.0 --seed 42
  241_22_1.vrp: objective=745.73 valid=True runtime=300.01s [OK]
Running hgs_standalone on 262_25_1.vrp (300s)...
Running: /cs/home/szliu/transportation-routing/cpp/ga_solver /cs/home/szliu/transportation-routing/input/262_25_1.vrp --time-limit 300.0 --seed 42
  262_25_1.vrp: objective=5955.46 valid=True runtime=300.01s [OK]
Running hgs_standalone on 386_47_1.vrp (300s)...
Running: /cs/home/szliu/transportation-routing/cpp/ga_solver /cs/home/szliu/transportation-routing/input/386_47_1.vrp --time-limit 300.0 --seed 42
  386_47_1.vrp: objective=25897.2 valid=True runtime=300.01s [OK]

Done. Results: /cs/home/szliu/transportation-routing/experiments/hgs_full_5min_20260505.csv
